1778625935.755697 client started (66535): version 3.6a, socket /tmp/tmux-1001/default, protocol 8
1778625935.755779 on Linux 7.0.5-1-aarch64-ARCH #1 SMP PREEMPT_DYNAMIC Fri May  8 09:46:42 UTC 2026
1778625935.755788 using libevent 2.1.12-stable poll
1778625935.755794 using ncurses 6.5 20240427
1778625935.755826 flags are 0x18010000
1778625935.755853 socket is /tmp/tmux-1001/default
1778625935.755903 trying connect
1778625935.755954 connect failed: Connection refused
1778625935.755981 lock file is /tmp/tmux-1001/default.lock
1778625935.756025 flock succeeded
1778625935.756032 got lock (6)
1778625935.756046 trying connect
1778625935.756066 connect failed: Connection refused
1778625935.756612 add peer 0xaaab05215060: 7 ((nil))
1778625935.757645 sending message 111 to peer 0xaaab05215060 (8 bytes)
1778625935.757679 sending message 111 to peer 0xaaab05215060 (8 bytes)
1778625935.757688 sending message 101 to peer 0xaaab05215060 (15 bytes)
1778625935.757696 sending message 109 to peer 0xaaab05215060 (4 bytes)
1778625935.757705 sending message 102 to peer 0xaaab05215060 (11 bytes)
1778625935.757713 sending message 108 to peer 0xaaab05215060 (30 bytes)
1778625935.757721 sending message 112 to peer 0xaaab05215060 (58 bytes)
1778625935.757729 sending message 112 to peer 0xaaab05215060 (5 bytes)
1778625935.757736 sending message 112 to peer 0xaaab05215060 (5 bytes)
1778625935.757744 sending message 112 to peer 0xaaab05215060 (6 bytes)
1778625935.757751 sending message 112 to peer 0xaaab05215060 (6 bytes)
1778625935.757759 sending message 112 to peer 0xaaab05215060 (11 bytes)
1778625935.757766 sending message 112 to peer 0xaaab05215060 (10 bytes)
1778625935.757774 sending message 112 to peer 0xaaab05215060 (13 bytes)
1778625935.757782 sending message 112 to peer 0xaaab05215060 (14 bytes)
1778625935.757790 sending message 112 to peer 0xaaab05215060 (19 bytes)
1778625935.757797 sending message 112 to peer 0xaaab05215060 (11 bytes)
1778625935.757805 sending message 112 to peer 0xaaab05215060 (10 bytes)
1778625935.757813 sending message 112 to peer 0xaaab05215060 (15 bytes)
1778625935.757820 sending message 112 to peer 0xaaab05215060 (21 bytes)
1778625935.757828 sending message 112 to peer 0xaaab05215060 (13 bytes)
1778625935.757835 sending message 112 to peer 0xaaab05215060 (7 bytes)
1778625935.757843 sending message 112 to peer 0xaaab05215060 (13 bytes)
1778625935.757850 sending message 112 to peer 0xaaab05215060 (7 bytes)
1778625935.757858 sending message 112 to peer 0xaaab05215060 (13 bytes)
1778625935.757865 sending message 112 to peer 0xaaab05215060 (9 bytes)
1778625935.757901 sending message 112 to peer 0xaaab05215060 (21 bytes)
1778625935.757910 sending message 112 to peer 0xaaab05215060 (13 bytes)
1778625935.757918 sending message 112 to peer 0xaaab05215060 (9 bytes)
1778625935.757926 sending message 112 to peer 0xaaab05215060 (16 bytes)
1778625935.757934 sending message 112 to peer 0xaaab05215060 (13 bytes)
1778625935.757941 sending message 112 to peer 0xaaab05215060 (9 bytes)
1778625935.757949 sending message 112 to peer 0xaaab05215060 (9 bytes)
1778625935.757957 sending message 112 to peer 0xaaab05215060 (12 bytes)
1778625935.757964 sending message 112 to peer 0xaaab05215060 (8 bytes)
1778625935.757972 sending message 112 to peer 0xaaab05215060 (8 bytes)
1778625935.757979 sending message 112 to peer 0xaaab05215060 (13 bytes)
1778625935.757987 sending message 112 to peer 0xaaab05215060 (7 bytes)
1778625935.757994 sending message 112 to peer 0xaaab05215060 (7 bytes)
1778625935.758002 sending message 112 to peer 0xaaab05215060 (9 bytes)
1778625935.758010 sending message 112 to peer 0xaaab05215060 (9 bytes)
1778625935.758017 sending message 112 to peer 0xaaab05215060 (15 bytes)
1778625935.758025 sending message 112 to peer 0xaaab05215060 (13 bytes)
1778625935.758032 sending message 112 to peer 0xaaab05215060 (12 bytes)
1778625935.758040 sending message 112 to peer 0xaaab05215060 (8 bytes)
1778625935.758048 sending message 112 to peer 0xaaab05215060 (14 bytes)
1778625935.758055 sending message 112 to peer 0xaaab05215060 (11 bytes)
1778625935.758083 sending message 112 to peer 0xaaab05215060 (9 bytes)
1778625935.758092 sending message 112 to peer 0xaaab05215060 (10 bytes)
1778625935.758100 sending message 112 to peer 0xaaab05215060 (10 bytes)
1778625935.758107 sending message 112 to peer 0xaaab05215060 (10 bytes)
1778625935.758115 sending message 112 to peer 0xaaab05215060 (10 bytes)
1778625935.758122 sending message 112 to peer 0xaaab05215060 (11 bytes)
1778625935.758130 sending message 112 to peer 0xaaab05215060 (12 bytes)
1778625935.758137 sending message 112 to peer 0xaaab05215060 (12 bytes)
1778625935.758145 sending message 112 to peer 0xaaab05215060 (12 bytes)
1778625935.758153 sending message 112 to peer 0xaaab05215060 (12 bytes)
1778625935.758160 sending message 112 to peer 0xaaab05215060 (12 bytes)
1778625935.758168 sending message 112 to peer 0xaaab05215060 (11 bytes)
1778625935.758176 sending message 112 to peer 0xaaab05215060 (11 bytes)
1778625935.758183 sending message 112 to peer 0xaaab05215060 (12 bytes)
1778625935.758190 sending message 112 to peer 0xaaab05215060 (12 bytes)
1778625935.758198 sending message 112 to peer 0xaaab05215060 (12 bytes)
1778625935.758206 sending message 112 to peer 0xaaab05215060 (12 bytes)
1778625935.758214 sending message 112 to peer 0xaaab05215060 (12 bytes)
1778625935.758222 sending message 112 to peer 0xaaab05215060 (9 bytes)
1778625935.758229 sending message 112 to peer 0xaaab05215060 (12 bytes)
1778625935.758237 sending message 112 to peer 0xaaab05215060 (13 bytes)
1778625935.758244 sending message 112 to peer 0xaaab05215060 (13 bytes)
1778625935.758252 sending message 112 to peer 0xaaab05215060 (13 bytes)
1778625935.758260 sending message 112 to peer 0xaaab05215060 (13 bytes)
1778625935.758267 sending message 112 to peer 0xaaab05215060 (13 bytes)
1778625935.758275 sending message 112 to peer 0xaaab05215060 (8 bytes)
1778625935.758283 sending message 112 to peer 0xaaab05215060 (11 bytes)
1778625935.758290 sending message 112 to peer 0xaaab05215060 (11 bytes)
1778625935.758298 sending message 112 to peer 0xaaab05215060 (11 bytes)
1778625935.758305 sending message 112 to peer 0xaaab05215060 (12 bytes)
1778625935.758312 sending message 112 to peer 0xaaab05215060 (12 bytes)
1778625935.758320 sending message 112 to peer 0xaaab05215060 (12 bytes)
1778625935.758328 sending message 112 to peer 0xaaab05215060 (12 bytes)
1778625935.758335 sending message 112 to peer 0xaaab05215060 (13 bytes)
1778625935.758343 sending message 112 to peer 0xaaab05215060 (13 bytes)
1778625935.758351 sending message 112 to peer 0xaaab05215060 (13 bytes)
1778625935.758359 sending message 112 to peer 0xaaab05215060 (8 bytes)
1778625935.758366 sending message 112 to peer 0xaaab05215060 (13 bytes)
1778625935.758374 sending message 112 to peer 0xaaab05215060 (13 bytes)
1778625935.758381 sending message 112 to peer 0xaaab05215060 (13 bytes)
1778625935.758389 sending message 112 to peer 0xaaab05215060 (13 bytes)
1778625935.758396 sending message 112 to peer 0xaaab05215060 (13 bytes)
1778625935.758404 sending message 112 to peer 0xaaab05215060 (12 bytes)
1778625935.758412 sending message 112 to peer 0xaaab05215060 (12 bytes)
1778625935.758420 sending message 112 to peer 0xaaab05215060 (12 bytes)
1778625935.758427 sending message 112 to peer 0xaaab05215060 (12 bytes)
1778625935.758435 sending message 112 to peer 0xaaab05215060 (13 bytes)
1778625935.758442 sending message 112 to peer 0xaaab05215060 (8 bytes)
1778625935.758451 sending message 112 to peer 0xaaab05215060 (13 bytes)
1778625935.758458 sending message 112 to peer 0xaaab05215060 (13 bytes)
1778625935.758466 sending message 112 to peer 0xaaab05215060 (13 bytes)
1778625935.758473 sending message 112 to peer 0xaaab05215060 (13 bytes)
1778625935.758480 sending message 112 to peer 0xaaab05215060 (13 bytes)
1778625935.758488 sending message 112 to peer 0xaaab05215060 (13 bytes)
1778625935.758495 sending message 112 to peer 0xaaab05215060 (13 bytes)
1778625935.758503 sending message 112 to peer 0xaaab05215060 (12 bytes)
1778625935.758511 sending message 112 to peer 0xaaab05215060 (12 bytes)
1778625935.758530 sending message 112 to peer 0xaaab05215060 (12 bytes)
1778625935.758539 sending message 112 to peer 0xaaab05215060 (8 bytes)
1778625935.758546 sending message 112 to peer 0xaaab05215060 (12 bytes)
1778625935.758554 sending message 112 to peer 0xaaab05215060 (13 bytes)
1778625935.758562 sending message 112 to peer 0xaaab05215060 (13 bytes)
1778625935.758570 sending message 112 to peer 0xaaab05215060 (13 bytes)
1778625935.758577 sending message 112 to peer 0xaaab05215060 (13 bytes)
1778625935.758585 sending message 112 to peer 0xaaab05215060 (13 bytes)
1778625935.758592 sending message 112 to peer 0xaaab05215060 (13 bytes)
1778625935.758600 sending message 112 to peer 0xaaab05215060 (13 bytes)
1778625935.758607 sending message 112 to peer 0xaaab05215060 (13 bytes)
1778625935.758615 sending message 112 to peer 0xaaab05215060 (12 bytes)
1778625935.758623 sending message 112 to peer 0xaaab05215060 (10 bytes)
1778625935.758631 sending message 112 to peer 0xaaab05215060 (12 bytes)
1778625935.758638 sending message 112 to peer 0xaaab05215060 (12 bytes)
1778625935.758646 sending message 112 to peer 0xaaab05215060 (12 bytes)
1778625935.758653 sending message 112 to peer 0xaaab05215060 (13 bytes)
1778625935.758661 sending message 112 to peer 0xaaab05215060 (13 bytes)
1778625935.758668 sending message 112 to peer 0xaaab05215060 (13 bytes)
1778625935.758676 sending message 112 to peer 0xaaab05215060 (13 bytes)
1778625935.758684 sending message 112 to peer 0xaaab05215060 (13 bytes)
1778625935.758691 sending message 112 to peer 0xaaab05215060 (13 bytes)
1778625935.758699 sending message 112 to peer 0xaaab05215060 (13 bytes)
1778625935.758706 sending message 112 to peer 0xaaab05215060 (10 bytes)
1778625935.758714 sending message 112 to peer 0xaaab05215060 (13 bytes)
1778625935.758721 sending message 112 to peer 0xaaab05215060 (12 bytes)
1778625935.758729 sending message 112 to peer 0xaaab05215060 (12 bytes)
1778625935.758736 sending message 112 to peer 0xaaab05215060 (12 bytes)
1778625935.758744 sending message 112 to peer 0xaaab05215060 (10 bytes)
1778625935.758752 sending message 112 to peer 0xaaab05215060 (10 bytes)
1778625935.758759 sending message 112 to peer 0xaaab05215060 (10 bytes)
1778625935.758767 sending message 112 to peer 0xaaab05215060 (12 bytes)
1778625935.758775 sending message 112 to peer 0xaaab05215060 (13 bytes)
1778625935.758782 sending message 112 to peer 0xaaab05215060 (13 bytes)
1778625935.758790 sending message 112 to peer 0xaaab05215060 (13 bytes)
1778625935.758797 sending message 112 to peer 0xaaab05215060 (13 bytes)
1778625935.758805 sending message 112 to peer 0xaaab05215060 (13 bytes)
1778625935.758812 sending message 112 to peer 0xaaab05215060 (10 bytes)
1778625935.758820 sending message 112 to peer 0xaaab05215060 (11 bytes)
1778625935.758828 sending message 112 to peer 0xaaab05215060 (12 bytes)
1778625935.758835 sending message 112 to peer 0xaaab05215060 (12 bytes)
1778625935.758843 sending message 112 to peer 0xaaab05215060 (12 bytes)
1778625935.758850 sending message 112 to peer 0xaaab05215060 (12 bytes)
1778625935.758858 sending message 112 to peer 0xaaab05215060 (12 bytes)
1778625935.758865 sending message 112 to peer 0xaaab05215060 (11 bytes)
1778625935.758885 sending message 112 to peer 0xaaab05215060 (12 bytes)
1778625935.758901 sending message 112 to peer 0xaaab05215060 (12 bytes)
1778625935.758909 sending message 112 to peer 0xaaab05215060 (13 bytes)
1778625935.758917 sending message 112 to peer 0xaaab05215060 (13 bytes)
1778625935.758924 sending message 112 to peer 0xaaab05215060 (13 bytes)
1778625935.758932 sending message 112 to peer 0xaaab05215060 (13 bytes)
1778625935.758939 sending message 112 to peer 0xaaab05215060 (13 bytes)
1778625935.758947 sending message 112 to peer 0xaaab05215060 (10 bytes)
1778625935.758954 sending message 112 to peer 0xaaab05215060 (9 bytes)
1778625935.758962 sending message 112 to peer 0xaaab05215060 (12 bytes)
1778625935.758970 sending message 112 to peer 0xaaab05215060 (13 bytes)
1778625935.758977 sending message 112 to peer 0xaaab05215060 (13 bytes)
1778625935.758997 sending message 112 to peer 0xaaab05215060 (13 bytes)
1778625935.759006 sending message 112 to peer 0xaaab05215060 (13 bytes)
1778625935.759013 sending message 112 to peer 0xaaab05215060 (13 bytes)
1778625935.759021 sending message 112 to peer 0xaaab05215060 (9 bytes)
1778625935.759028 sending message 112 to peer 0xaaab05215060 (12 bytes)
1778625935.759036 sending message 112 to peer 0xaaab05215060 (13 bytes)
1778625935.759043 sending message 112 to peer 0xaaab05215060 (13 bytes)
1778625935.759051 sending message 112 to peer 0xaaab05215060 (13 bytes)
1778625935.759059 sending message 112 to peer 0xaaab05215060 (13 bytes)
1778625935.759066 sending message 112 to peer 0xaaab05215060 (13 bytes)
1778625935.759074 sending message 112 to peer 0xaaab05215060 (11 bytes)
1778625935.759081 sending message 112 to peer 0xaaab05215060 (12 bytes)
1778625935.759089 sending message 112 to peer 0xaaab05215060 (13 bytes)
1778625935.759096 sending message 112 to peer 0xaaab05215060 (13 bytes)
1778625935.759104 sending message 112 to peer 0xaaab05215060 (13 bytes)
1778625935.759112 sending message 112 to peer 0xaaab05215060 (13 bytes)
1778625935.759119 sending message 112 to peer 0xaaab05215060 (13 bytes)
1778625935.759127 sending message 112 to peer 0xaaab05215060 (11 bytes)
1778625935.759134 sending message 112 to peer 0xaaab05215060 (12 bytes)
1778625935.759142 sending message 112 to peer 0xaaab05215060 (12 bytes)
1778625935.759149 sending message 112 to peer 0xaaab05215060 (12 bytes)
1778625935.759157 sending message 112 to peer 0xaaab05215060 (12 bytes)
1778625935.759164 sending message 112 to peer 0xaaab05215060 (12 bytes)
1778625935.759172 sending message 112 to peer 0xaaab05215060 (21 bytes)
1778625935.759179 sending message 112 to peer 0xaaab05215060 (12 bytes)
1778625935.759187 sending message 112 to peer 0xaaab05215060 (9 bytes)
1778625935.759194 sending message 112 to peer 0xaaab05215060 (6 bytes)
1778625935.759202 sending message 112 to peer 0xaaab05215060 (13 bytes)
1778625935.759209 sending message 112 to peer 0xaaab05215060 (10 bytes)
1778625935.759217 sending message 112 to peer 0xaaab05215060 (24 bytes)
1778625935.759225 sending message 112 to peer 0xaaab05215060 (13 bytes)
1778625935.759232 sending message 112 to peer 0xaaab05215060 (9 bytes)
1778625935.759240 sending message 112 to peer 0xaaab05215060 (70 bytes)
1778625935.759248 sending message 112 to peer 0xaaab05215060 (69 bytes)
1778625935.759256 sending message 112 to peer 0xaaab05215060 (12 bytes)
1778625935.759263 sending message 112 to peer 0xaaab05215060 (10 bytes)
1778625935.759271 sending message 112 to peer 0xaaab05215060 (10 bytes)
1778625935.759278 sending message 112 to peer 0xaaab05215060 (24 bytes)
1778625935.759286 sending message 112 to peer 0xaaab05215060 (13 bytes)
1778625935.759294 sending message 112 to peer 0xaaab05215060 (10 bytes)
1778625935.759301 sending message 112 to peer 0xaaab05215060 (10 bytes)
1778625935.759309 sending message 112 to peer 0xaaab05215060 (10 bytes)
1778625935.759316 sending message 112 to peer 0xaaab05215060 (13 bytes)
1778625935.759324 sending message 112 to peer 0xaaab05215060 (15 bytes)
1778625935.759331 sending message 112 to peer 0xaaab05215060 (5 bytes)
1778625935.759341 sending message 104 to peer 0xaaab05215060 (0 bytes)
1778625935.759350 sending message 110 to peer 0xaaab05215060 (0 bytes)
1778625935.759359 sending message 107 to peer 0xaaab05215060 (4 bytes)
1778625935.759367 sending message 105 to peer 0xaaab05215060 (13 bytes)
1778625935.759374 sending message 105 to peer 0xaaab05215060 (16 bytes)
1778625935.759382 sending message 105 to peer 0xaaab05215060 (19 bytes)
1778625935.759390 sending message 105 to peer 0xaaab05215060 (149 bytes)
1778625935.759397 sending message 105 to peer 0xaaab05215060 (15 bytes)
1778625935.759405 sending message 105 to peer 0xaaab05215060 (20 bytes)
1778625935.759413 sending message 105 to peer 0xaaab05215060 (15 bytes)
1778625935.759421 sending message 105 to peer 0xaaab05215060 (29 bytes)
1778625935.759429 sending message 105 to peer 0xaaab05215060 (18 bytes)
1778625935.759448 sending message 105 to peer 0xaaab05215060 (21 bytes)
1778625935.759456 sending message 105 to peer 0xaaab05215060 (23 bytes)
1778625935.759464 sending message 105 to peer 0xaaab05215060 (31 bytes)
1778625935.759472 sending message 105 to peer 0xaaab05215060 (54 bytes)
1778625935.759479 sending message 105 to peer 0xaaab05215060 (33 bytes)
1778625935.759487 sending message 105 to peer 0xaaab05215060 (50 bytes)
1778625935.759494 sending message 105 to peer 0xaaab05215060 (19 bytes)
1778625935.759502 sending message 105 to peer 0xaaab05215060 (8 bytes)
1778625935.759510 sending message 105 to peer 0xaaab05215060 (34 bytes)
1778625935.759517 sending message 105 to peer 0xaaab05215060 (21 bytes)
1778625935.759525 sending message 105 to peer 0xaaab05215060 (7 bytes)
1778625935.759532 sending message 105 to peer 0xaaab05215060 (46 bytes)
1778625935.759540 sending message 105 to peer 0xaaab05215060 (41 bytes)
1778625935.759547 sending message 105 to peer 0xaaab05215060 (16 bytes)
1778625935.759555 sending message 105 to peer 0xaaab05215060 (10 bytes)
1778625935.759563 sending message 105 to peer 0xaaab05215060 (24 bytes)
1778625935.759570 sending message 105 to peer 0xaaab05215060 (12 bytes)
1778625935.759578 sending message 105 to peer 0xaaab05215060 (20 bytes)
1778625935.759585 sending message 105 to peer 0xaaab05215060 (10 bytes)
1778625935.759593 sending message 105 to peer 0xaaab05215060 (16 bytes)
1778625935.759600 sending message 106 to peer 0xaaab05215060 (0 bytes)
1778625935.759739 sending message 200 to peer 0xaaab05215060 (4 bytes)
1778625935.759748 client loop enter
1778625935.759791 client_signal: Child exited
1778625937.028955 peer 0xaaab05215060 message 207
1778625937.028993 sending message 208 to peer 0xaaab05215060 (0 bytes)
1778625939.538429 peer 0xaaab05215060 message 203
1778625939.538462 sending message 205 to peer 0xaaab05215060 (0 bytes)
1778625939.538991 peer 0xaaab05215060 message 204
1778625939.539010 client loop exit
